2026-07-14 09:59:25,http://198.204.228.26/live/cctv1hd.m3u8
CETV-1,http://63.141.230.178:82/gslb/zbdq5.m3u8?id=cetv1hd
CETV-1,http://198.204.228.26/live/cetv1hd.m3u8
CETV-1,https://migu.188766.xyz/?migutoken=36ef7f6bca62cec9abdcde133fce0012&id=CETV1&type=yy
CETV-1,http://[2409:8087:1a0b:df::4020]:80/ottrrs.hl.chinamobile.com/PLTV/88888888/224/3221225652/index.m3u8
CETV-1,http://[2409:8087:8:21::18]:6610/otttv.bj.chinamobile.com/PLTV/88888888/224/3221226494/1.m3u8
CETV-2,https://migu.188766.xyz/?migutoken=933375f10f59db6fe40d9315edf498e2&id=CETV2&type=yy
CETV-2,http://[2409:8087:1a0b:df::4013]:80/ottrrs.hl.chinamobile.com/PLTV/88888888/224/3221226425/index.m3u8
CETV-2,http://[2409:8087:8:21::18]:6610/otttv.bj.chinamobile.com/PLTV/88888888/224/3221226537/1.m3u8?GuardEncType=2&accountinfo=%7E%7EV2.0%7E7AxXs4eTU2oiWrhopr9sHw%7E_eNUbgU9sJGUcVVduOMKhafLvQUgE_zlz_7pvDimJNNxsM0Bor098BJglrhfEQTl%2CEND
CETV-2,http://rrs01.hw.gmcc.net:8088/PLTV/81/224/3221226718/1.m3u8
CETV-2,https://migu.188766.xyz/?migutoken=98daa3ba4c81372351b73d9075023b9b&id=CETV2&type=yy
CETV-3,http://[2409:8087:7004:20:1000::22]:6610/yinhe/2/ch00000090990000001309/index.m3u8
CETV-3,http://[2409:8087:8:21::18]:6610/otttv.bj.chinamobile.com/PLTV/88888888/224/3221226577/1.m3u8?GuardEncType=2&accountinfo=%7E%7EV2.0%7EhE2Z89HKgsQOlN9opVn1iw%7E_eNUbgU9sJGUcVVduOMKhafLvQUgE_zlz_7pvDimJNN03yUnk4zBVk1bynPPL3hZ%2CEND
CETV-3,http://rrs01.hw.gmcc.net:8088/PLTV/81/224/3221226722/1.m3u8
CETV-3,http://iptv.cdn.ha.chinamobile.com/PLTV/88888888/224/3221227352/index.m3u8
CETV-3,http://ott.mobaibox.com/PLTV/3/224/3221227018/index.m3u8
CETV-4,https://migu.188766.xyz/?migutoken=8d4526a960b7bdd7a85faa29d1cc9e03&id=CETV4&type=yy
CETV-4,http://[2409:8087:1a0b:df::4020]:80/ottrrs.hl.chinamobile.com/PLTV/88888888/224/3221225783/index.m3u8
CETV-4,http://[2409:8087:8:21::18]:6610/otttv.bj.chinamobile.com/PLTV/88888888/224/3221226997/1.m3u8?GuardEncType=2&accountinfo=%7E%7EV2.0%7EAw_OvjRgJVjtlaOa0dcgzg%7EtP4-l0lmSfjwLWEfK_el1vH_mv-s1zo4AQJwdedaVwG9xkuFTDg8J26cwOrNJzn20BErrHdLhuZ9EzLUCD3PMW-OMx4MGteHV2vLeW6BqoY%2CEND
CETV-4,http://rrs01.hw.gmcc.net:8088/PLTV/81/224/3221226724/1.m3u8
CETV-4,https://migu.188766.xyz/?migutoken=d5d19d868e1df41e984866fc7ca15071&id=CETV4&type=yy
文化精品,http://63.141.230.178:82/gslb/zbdq5.m3u8?id=ysjp
文化精品,http://38.75.136.137:98/gslb/dsdqpub/ysjp.m3u8?auth=testpub
文化精品,https://live.264788.xyz/channel/yangshiwenhuajingpin?streamid=bc185d1ef1e528922e83efd845006277&livekey=01WgOR41rriMmMkzNsd0UoaxJRwetZdxIvtVk
文化精品,http://107.150.60.122/live/ysjp.m3u8
文化精品,http://173.208.212.130:8181/720p/ysjp.m3u8
央视台球,http://38.75.136.137:98/gslb/dsdqpub/ystq.m3u8?auth=testpub
央视台球,http://107.150.60.122/live/ystq.m3u8
央视台球,http://63.141.230.178:82/gslb/zbdq5.m3u8?id=ystq
央视台球,http://207.56.13.146:81/cdnlive/ystq.m3u8
央视台球,https://hls-gateway.vpstv.net/streams/708855.m3u8
风云音乐,http://173.208.212.130:8181/720p/fyyy.m3u8
风云音乐,http://38.75.136.137:98/gslb/dsdqpub/fyyy.m3u8?auth=testpub
风云音乐,http://63.141.230.178:82/gslb/zbdq5.m3u8?id=fyyy
风云音乐,http://207.56.13.146:81/cdnlive/fyyy.m3u8
风云音乐,https://live.264788.xyz/channel/fengyunyinyue?streamid=be37d16b874e7ba11dd383d7ecd75752&livekey=01WgOR41rriMmMkzNsd0UoaxJRwetZdxIvtVk
第一剧场,https://live.264788.xyz/channel/diyijuchang?streamid=e9b0fb1ca135a4aeae12944494883794&livekey=01WgOR41rriMmMkzNsd0UoaxJRwetZdxIvtVk
第一剧场,http://107.150.60.122/live/dyjc.m3u8
第一剧场,https://live.264788.xyz/channel/diyijuchang?streamid=d81e188b59ece96b7e8f1ce34aea3ef8&livekey=01WgOR41rriMmMkzNsd0UoaxJRwetZdxIvtVk
第一剧场,http://207.56.13.146:81/cdnlive/dyjc.m3u8
第一剧场,http://63.141.230.178:82/gslb/zbdq5.m3u8?id=dyjc
风云剧场,http://173.208.212.130:8181/720p/fyjc.m3u8
风云剧场,http://207.56.13.146:81/cdnlive/fyjc.m3u8
风云剧场,https://live.264788.xyz/channel/fengyunjuchang?streamid=31e7b5b7032d25dd215a4069cdee1a48&livekey=01WgOR41rriMmMkzNsd0UoaxJRwetZdxIvtVk
风云剧场,http://63.141.230.178:82/gslb/zbdq5.m3u8?id=fyjc
风云剧场,https://hls-gateway.vpstv.net/streams/708861.m3u8
怀旧剧场,http://107.150.60.122/live/hjjc.m3u8
怀旧剧场,http://38.75.136.137:98/gslb/dsdqpub/hjjc.m3u8?auth=testpub
怀旧剧场,http://63.141.230.178:82/gslb/zbdq5.m3u8?id=hjjc
怀旧剧场,https://live.264788.xyz/channel/huaijiujuchang?streamid=7e5d1abdddde08f588234f3f640f75ff&livekey=01WgOR41rriMmMkzNsd0UoaxJRwetZdxIvtVk
怀旧剧场,http://173.208.212.130:8181/720p/hjjc.m3u8
女性时尚,http://173.208.212.130:8181/720p/nxss.m3u8
女性时尚,http://207.56.13.146:81/cdnlive/nxss.m3u8
女性时尚,http://63.141.230.178:82/gslb/zbdq5.m3u8?id=nxss
女性时尚,http://38.75.136.137:98/gslb/dsdqpub/nxss.m3u8?auth=testpub
女性时尚,http://iptv.666230.xyz/iptv/jsyd.php/G_NVXINGSS-CQ
高尔夫网球,http://207.56.13.146:81/cdnlive/gefwq.m3u8
高尔夫网球,https://hls-gateway.vpstv.net/streams/708857.m3u8
高尔夫网球,http://iptv.666230.xyz/iptv/jsyd.php/G_CCTV-GOLF-CQ
高尔夫网球,http://www.qfly9236.cn:8888/rtp/239.253.92.117:8062
风云足球,http://38.75.136.137:98/gslb/dsdqpub/fyzq.m3u8?auth=testpub
风云足球,http://63.141.230.178:82/gslb/zbdq5.m3u8?id=fyzq
风云足球,http://207.56.13.146:81/cdnlive/fyzq.m3u8
风云足球,https://epg.pw/stream/ac8062ec9484078061d3bef507c15a423ac57ae4144e3fcc4b0a198dd420f911.m3u8
风云足球,http://[2409:8087:7001:20:2::3]/dbiptv.sn.chinamobile.com/PLTV/88888893/224/3221226984/index.m3u8
电视指南,http://iptv.666230.xyz/iptv/jsyd.php/G_DIANSHIZN-CQ
世界地理,http://38.75.136.137:98/gslb/dsdqpub/sjdl.m3u8?auth=testpub
世界地理,http://63.141.230.178:82/gslb/zbdq5.m3u8?id=sjdl
世界地理,https://shcm-stream-cf1.stream.264788.xyz/cms001/ch00000090990000001620/index.m3u8?streamid=8a034b40397504e25b3775c772237996&streamkey=01vY5fRxC8VyKg4oq30vfikHXTCAKySLP29l6OG91kQlzDttHgzNLkUw5kivm3PfNsVHJv5FgdsPBYFYI2IWpt7tfRCuFHqLT2pvX67ubMds8jl2DHtvOh0&token=1775754349-4f33f4f84a4abeba-0-91687dc8c9325092efa1d00f330d2710
世界地理,http://www.qfly9236.cn:8888/rtp/239.253.92.113:8066
兵器科技,https://live.264788.xyz/channel/bingqikeji?streamid=6fc55a0966bdad1e1cdf39a4d37dd776&livekey=01WgOR41rriMmMkzNsd0UoaxJRwetZdxIvtVk
兵器科技,http://38.75.136.137:98/gslb/dsdqpub/gfjs.m3u8?auth=testpub
兵器科技,http://173.208.212.130:8181/720p/gfjs.m3u8
兵器科技,http://63.141.230.178:82/gslb/zbdq5.m3u8?id=gfjs
兵器科技,https://live.264788.xyz/channel/bingqikeji?streamid=530cb4e58bbc48b7fc26f5e0a2e47966&livekey=01WgOR41rriMmMkzNsd0UoaxJRwetZdxIvtVk
香港卫视,http://cctvtxyh5c.liveplay.myqcloud.com/cstv/xianggangweishi_2/index.m3u8
香港卫视,https://stream1.freetv.fun/5335c88a9a7d8b74173b491f480d4f94e8d3bd596af54478106aa2399e6c7917.ctv
香港卫视,https://stream1.freetv.fun/c751876ae5ceaa0d82b5cf2badc152342aa92a4b45bf504d12ee45966b2fc644.ctv
香港卫视,https://stream1.freetv.fun/5335c88a9a7d8b74173b491f480d4f94e8d3bd596af54478106aa2399e6c7917.m3u8
香港卫视,https://stream1.freetv.fun/ae7eaf28d8610cdc1651ef6a1f7dbb24b49c5a87627d0d881330afaea37a1616.m3u8
广东珠江,http://r.jdshipin.com/sE5vO
广东珠江,http://cdn2.163189.xyz/live/gdzj/stream.m3u8
广东珠江,https://hk.188766.xyz/?migutoken=34467290b64f0850801479159893a4de&id=gd_gdzj&type=sz
广东珠江,http://lu.wqwqwq.sbs/itv/2000000003000000033.m3u8?cdn=hnbblive
广东珠江,https://stream1.freetv.fun/yan-dong-zhu-jiang-16.ctv
广东体育,http://r.jdshipin.com/LiYdg
广东体育,http://cdn2.163189.xyz/live/gdty/stream.m3u8
广东体育,https://epg.pw/stream/7b470f9fc5c305db0c8622117b7b25ca00eb35ba3e93e865cf0ff9df5c736681.m3u8
广东体育,http://php.jdshipin.com/PLTV/iptv.php?id=gdty
广东体育,http://php.jdshipin.com/TVOD/iptv.php?id=gdty
广东新闻,https://hk.188766.xyz/?migutoken=4254e1ca8dcef82514ec6ce2a8bd39e4&id=gd_gdxw&type=sz
广东新闻,https://hls-gateway.vpstv.net/streams/708873.m3u8
广东新闻,https://stream1.freetv.fun/yan-dong-xin-wen-27.ctv
广东新闻,https://stream1.freetv.fun/yan-dong-xin-wen-20.m3u8
广东新闻,https://stream1.freetv.fun/yan-dong-xin-wen-2.m3u8
广东民生,http://38.75.136.137:98/gslb/dsdqpub/gdgg.m3u8?auth=testpub
广东民生,https://hk.188766.xyz/?migutoken=08f126f29a9e9334c492a23a0f40038f&id=gd_gdms&type=sz
广东民生,https://stream1.freetv.fun/yan-dong-min-sheng-9.ctv
广东民生,https://stream1.freetv.fun/yan-dong-min-sheng-35.ctv
广东民生,https://stream1.freetv.fun/yan-dong-min-sheng-16.ctv
大湾区卫视,https://migu.188766.xyz/?migutoken=7924174c7d55ccad4a2cf21add185dad&id=%E5%A4%A7%E6%B9%BE%E5%8C%BA%E5%8D%AB%E8%A7%86&type=yy
大湾区卫视,http://goo.bkpcp.top/mg/dwqws
大湾区卫视,https://www.freetv.top/migu/608917627.m3u8?migutoken=bad0a45eea94649f2e7f1b35e1d98d034b874a02984a76abb21e4537dee28f974e6da241dc7705109722be71c8b1302302b51cd4cb06c69ca55fdcf7279d415e0a0fce7c492b6842956ab34fcc
大湾区卫视,https://stream1.freetv.fun/9e44565ab6186689007a295d8b94b2a970fafde637068b0e3837e5f84689a8f3.m3u8
大湾区卫视,https://www.freetv.top/migu/608917627.m3u8?migutoken=6e23ed23803d2776218fbd5b6931d4dd0d0a20d0269ca0da6b2efaaf101f71c62689ec1d6f73e16a10d1b756f7e23f0de494b881e2bc39c12250715721f84c185577680003f363869dba1b7e90
广州综合,https://tencentplay.gztv.com/live/zonghes.m3u8?txSecret=439b0fd2cf766b363c93a59cbcbe1370&txTime=18d00acf488
广州综合,https://tencentplay.gztv.com/live/zonghes.m3u8?txSecret=f0147ae6453a80f5989f382368b72aad&txTime=18d00acf487
广州综合,http://tencentplay.gztv.com/live/zonghes.m3u8?txSecret=c8dbe86d6f86eb1a21999ab479fd5667&txTime=18d3c4690e8
广州综合,http://r.jdshipin.com/iR6Gq
广州综合,http://r.jdshipin.com/snhya
广州影视,https://stream1.freetv.fun/yan-zhou-ying-shi-6.ctv
广州影视,https://stream1.freetv.fun/yan-zhou-ying-shi-15.ctv
广州影视,https://stream1.freetv.fun/yan-zhou-ying-shi-7.ctv
广州影视,https://stream1.freetv.fun/yan-zhou-ying-shi-28.ctv
广州影视,https://stream1.freetv.fun/yan-zhou-ying-shi-25.m3u8
广州竞赛,https://stream1.freetv.fun/yan-zhou-jing-sai-34.ctv
广州竞赛,https://stream1.freetv.fun/yan-zhou-jing-sai-38.ctv
广州竞赛,https://stream1.freetv.fun/yan-zhou-jing-sai-32.ctv
广州竞赛,https://stream1.freetv.fun/yan-zhou-jing-sai-2.m3u8
广州竞赛,https://stream1.freetv.fun/yan-zhou-jing-sai-33.ctv
江门综合,https://stream1.freetv.fun/jiang-men-zong-he-2.ctv
江门综合,https://stream1.freetv.fun/jiang-men-zong-he-7.ctv
江门综合,https://stream1.freetv.fun/jiang-men-zong-he-1.ctv
江门综合,https://stream1.freetv.fun/jiang-men-zong-he-6.ctv
江门综合,https://stream1.freetv.fun/jiang-men-zong-he-4.ctv
佛山综合,https://stream1.freetv.fun/fo-shan-zong-he-7.ctv
佛山综合,https://stream1.freetv.fun/fo-shan-zong-he-9.ctv
佛山综合,https://stream1.freetv.fun/fo-shan-zong-he-17.ctv
佛山综合,https://stream1.freetv.fun/fo-shan-zong-he-22.ctv
佛山综合,https://stream1.freetv.fun/fo-shan-zong-he-15.ctv
汕头综合,https://stream1.freetv.fun/shan-tou-zong-he-5.ctv
汕头综合,https://stream1.freetv.fun/shan-tou-zong-he-9.ctv
汕头综合,https://stream1.freetv.fun/shan-tou-zong-he-3.ctv
汕头综合,https://stream1.freetv.fun/shan-tou-zong-he-4.ctv
汕头综合,https://stream1.freetv.fun/shan-tou-zong-he-6.ctv
汕头经济,https://stream1.freetv.fun/shan-tou-jing-ji-1.ctv
汕头经济,https://stream1.freetv.fun/shan-tou-jing-ji-6.ctv
汕头经济,https://stream1.freetv.fun/shan-tou-jing-ji-3.ctv
汕头经济,https://stream1.freetv.fun/shan-tou-jing-ji-4.ctv
汕头经济,https://stream1.freetv.fun/shan-tou-jing-ji-2.ctv
浙江钱江,https://stream1.freetv.fun/zhe-jiang-qian-jiang-du-shi-4.ctv
浙江钱江,https://stream1.freetv.fun/zhe-jiang-qian-jiang-du-shi-3.ctv
浙江钱江,https://stream1.freetv.fun/zhe-jiang-qian-jiang-du-shi-5.ctv
浙江钱江,http://l.cztvcloud.com/channels/lantian/SXyuyao2/720p.m3u8
浙江钱江都市,https://t.freetv.fun/live/zhe-jiang-qian-jiang-du-shi-1.m3u8
浙江钱江都市,https://t.freetv.fun/live/zhe-jiang-qian-jiang-du-shi-2.m3u8
浙江钱江都市,https://t.freetv.fun/live/zhe-jiang-qian-jiang-du-shi-3.m3u8
浙江钱江都市,http://ali-xwl.cztv.com/live/channel021080Plxw.m3u8
浙江钱江都市,http://ali-xwl.cztv.com/live/channel02720Plxw.m3u8
浙江生活,https://stream1.freetv.fun/zhe-jiang-jing-ji-sheng-huo-1.ctv
浙江生活,https://stream1.freetv.fun/zhe-jiang-jing-ji-sheng-huo-7.ctv
浙江生活,https://stream1.freetv.fun/zhe-jiang-jing-ji-sheng-huo-8.ctv
浙江生活,http://ls.qingting.fm/live/1099.m3u8
浙江经济生活,http://ls.qingting.fm/live/1099.m3u8
浙江经济生活,https://t.freetv.fun/live/zhe-jiang-jing-ji-sheng-huo-2.m3u8
浙江经济生活,https://t.freetv.fun/live/zhe-jiang-jing-ji-sheng-huo-3.m3u8
浙江经济生活,http://l.cztvcloud.com/channels/lantian/SXxiaoshan2/720p.m3u8
浙江经济生活,https://t.freetv.fun/live/zhe-jiang-jing-ji-sheng-huo-1.m3u8
浙江教育,http://ali-m-l.cztv.com/channels/lantian/channel04/720p.m3u8
浙江民生,https://t.freetv.fun/live/zhe-jiang-min-sheng-1.m3u8
浙江民生,https://t.freetv.fun/live/zhe-jiang-min-sheng-3.m3u8
浙江民生,https://t.freetv.fun/live/zhe-jiang-min-sheng.m3u8
浙江民生,https://t.freetv.fun/live/zhe-jiang-min-sheng-4.m3u8
浙江新闻,https://ali-m-l.cztv.com/channels/lantian/channel007/1080p.m3u8?
浙江新闻,https://ali-m-l.cztv.com/channels/lantian/channel07/1080p.m3u8
浙江新闻,https://stream1.freetv.fun/zhe-jiang-xin-wen-5.m3u8
浙江新闻,https://stream1.freetv.fun/zhe-jiang-xin-wen-11.m3u8
浙江新闻,https://stream1.freetv.fun/zhe-jiang-xin-wen-1.m3u8
浙江少儿,http://ali-m-l.cztv.com/channels/lantian/channel008/1080p.m3u8
浙江少儿,https://stream1.freetv.fun/zhe-jiang-shao-er-4.m3u8
浙江少儿,https://stream1.freetv.fun/zhe-jiang-shao-er-4.ctv
浙江少儿,https://stream1.freetv.fun/zhe-jiang-shao-er-6.ctv
浙江少儿,https://stream1.freetv.fun/zhe-jiang-shao-er-9.ctv
杭州综合,https://stream1.freetv.fun/hang-zhou-zong-he-3.ctv
杭州综合,https://stream1.freetv.fun/hang-zhou-zong-he-2.ctv
杭州明珠,https://stream1.freetv.fun/hang-zhou-ming-zhu-2.ctv
杭州明珠,https://stream1.freetv.fun/hang-zhou-ming-zhu-1.ctv
杭州生活,https://stream1.freetv.fun/hang-zhou-sheng-huo-1.ctv
杭州生活,https://stream1.freetv.fun/hang-zhou-sheng-huo-2.ctv
杭州生活,https://stream1.freetv.fun/hang-zhou-sheng-huo-3.ctv
杭州影视,https://stream1.freetv.fun/hang-zhou-ying-shi-2.ctv
浙江教科,https://ali-m-l.cztv.com/channels/lantian/channel004/1080p.m3u8
浙江经济,https://ali-m-l.cztv.com/channels/lantian/channel003/1080p.m3u8
浙江经济,http://ali-m-l.cztv.com/channels/lantian/channel03/720p.m3u8
之江纪录,https://ali-m-l.cztv.com/channels/lantian/channel12/720p.m3u8
浙江国际,https://ali-m-l.cztv.com/channels/lantian/channel010/1080p.m3u8
浙江国际,http://ali-m-l.cztv.com/channels/lantian/channel010/1080p.m3u8?zzhed
浙江国际,https://stream1.freetv.fun/zhe-jiang-guo-ji-7.m3u8
浙江国际,https://stream1.freetv.fun/zhe-jiang-guo-ji-10.m3u8
浙江国际,https://stream1.freetv.fun/zhe-jiang-guo-ji-3.ctv
嘉兴新闻综合,http://live.zohi.tv/video/s10001-fztv-1/index.m3u8
湖州公共,https://stream1.freetv.fun/hu-zhou-gong-gong-9.m3u8
湖州公共,https://stream1.freetv.fun/hu-zhou-gong-gong-3.m3u8
湖州公共,https://stream1.freetv.fun/hu-zhou-gong-gong-1.m3u8
湖州公共,https://t.freetv.fun/live/hu-zhou-gong-gong-1.m3u8
湖州公共,https://t.freetv.fun/live/hu-zhou-gong-gong-2.m3u8
湖州新闻综合,http://hzcm-live.media.hugd.com/3f5fa7d64c7c46a38c6bd8ad35e836cc/65128273761b4731ae53729ea6dcf932.m3u8?auth_key=2277598215-9d21c15111244bea8d298c361d31a72e-0-d031198f58d44b0e91ba2e3f3b188865
湖州文化娱乐,http://hzcm-live.media.hugd.com/613c47f0ab0d4eaa98b21378d0db6ded/0051d31c9dd543a7825eea4e49675b2a.m3u8?auth_key=2277598059-0a5ebfa1c0dc4671b42a60810fc37039-0-fa625b7d1feab612062453c12e3c8887
浙江经视,http://ali-m-l.cztv.com/channels/lantian/channel003/720p.m3u8
浙江民生休闲,https://stream1.freetv.fun/zhe-jiang-min-sheng-10.m3u8
浙江民生休闲,https://stream1.freetv.fun/zhe-jiang-min-sheng-2.m3u8
浙江民生休闲,https://stream1.freetv.fun/zhe-jiang-min-sheng-5.m3u8
浙江民生休闲,https://stream1.freetv.fun/zhe-jiang-min-sheng-9.m3u8
浙江民生休闲,https://stream1.freetv.fun/zhe-jiang-min-sheng-8.m3u8
浙江数码时代,https://ali-m-l.cztv.com/channels/lantian/channel012/1080p.m3u8\r\n
浙江数码时代,http://ali-m-l.cztv.com/channels/lantian/channel12/720p.m3u8
浙江教科影视,http://ali-xwl.cztv.com/live/channel04720Plxw.m3u8
浙江教科影视,http://ali-xwl.cztv.com/live/channel041080Plxw.m3u8
浙江公共新闻,https://stream1.freetv.fun/zhe-jiang-gong-gong-xin-wen-1.m3u8
浙江公共新闻,https://stream1.freetv.fun/zhe-jiang-gong-gong-xin-wen-1.ctv
浙江公共新闻,https://stream1.freetv.fun/zhe-jiang-gong-gong-xin-wen-2.ctv
浙江公共新闻,https://t.freetv.fun/live/zhe-jiang-gong-gong-xin-wen-1.m3u8
浙江休闲台,http://ali-m-l.cztv.com/channels/lantian/channel006/720p.m3u8
浙江遂昌,http://l.cztvcloud.com/channels/lantian/SXsuichang1/720p.m3u8
诸暨新闻综合,https://l.cztvcloud.com/channels/lantian/SXzhuji3/720p.m3u8
诸暨新闻综合,http://l.cztvcloud.com/channels/lantian/SXzhuji3/720p.m3u8?zzhed
龙游生活娱乐,http://l.cztvcloud.com/channels/lantian/SXlongyou2/720p.m3u8?zzhed
龙游新闻综合,http://l.cztvcloud.com/channels/lantian/SXlongyou1/720p.m3u8?zzhed
龙泉新闻综合,http://l.cztvcloud.com/channels/lantian/SXlongquan1/720p.m3u8
青田电视台,http://l.cztvcloud.com/channels/lantian/SXqingtian1/720p.m3u8
遂昌综合,http://l.cztvcloud.com/channels/lantian/SXsuichang1/720p.m3u8?zzhed
象山综合,http://play-sh13.quklive.com/live/1702360350551252.m3u8?auth_key=2037107484-800189c57a5a44d3b823b60cf84f6756-0-a6f6828a62d5c167cff5e68735fa0d39
象山综合,http://l.cztvcloud.com/channels/lantian/SXxiangshan1/720p.m3u8?zzhed
象山综合,http://l.cztvcloud.com/channels/lantian/SXxiangshan1/720p.m3u8
象山新闻综合,http://l.cztvcloud.com/channels/lantian/SXxiangshan1/720p.m3u8
衢江新闻综合,https://stream1.freetv.fun/qu-jiang-xin-wen-zong-he-1.m3u8
衢江新闻综合,https://stream1.freetv.fun/qu-jiang-xin-wen-zong-he-1.ctv
衢江新闻综合,https://stream1.freetv.fun/qu-jiang-xin-wen-zong-he-2.m3u8
衢江新闻综合,https://stream1.freetv.fun/qu-jiang-xin-wen-zong-he-3.m3u8
衢江新闻综合,https://t.freetv.fun/live/qu-jiang-xin-wen-zong-he.m3u8
萧山生活,http://l.cztvcloud.com/channels/lantian/SXxiaoshan2/720p.m3u8
萧山生活,https://l.cztvcloud.com/channels/lantian/SXxiaoshan2/720p.m3u8
萧山生活,http://l.cztvcloud.com/channels/lantian/SXxiaoshan2/720p.m3u8?zzhed
萧山生活,http://l.cztvcloud.com/channels/lantian/SXxiaoshan2/720p.m3u8?zzhed?
萧山新闻综合,https://stream1.freetv.fun/xiao-shan-xin-wen-zong-he-6.m3u8
萧山新闻综合,https://stream1.freetv.fun/xiao-shan-xin-wen-zong-he-2.m3u8
萧山新闻综合,https://stream1.freetv.fun/xiao-shan-xin-wen-zong-he-8.m3u8
萧山新闻综合,https://stream1.freetv.fun/xiao-shan-xin-wen-zong-he-9.m3u8
萧山新闻综合,https://stream1.freetv.fun/xiao-shan-xin-wen-zong-he-4.m3u8
苍南新闻综合,https://stream1.freetv.fun/cang-nan-xin-wen-zong-he-5.m3u8
苍南新闻综合,https://stream1.freetv.fun/cang-nan-xin-wen-zong-he-1.m3u8
苍南新闻综合,https://stream1.freetv.fun/cang-nan-xin-wen-zong-he-4.ctv
苍南新闻综合,https://stream1.freetv.fun/cang-nan-xin-wen-zong-he-3.m3u8
苍南新闻综合,https://t.freetv.fun/live/cang-nan-xin-wen-zong-he-1.m3u8
缙云综合,http://l.cztvcloud.com/channels/lantian/SXjinyun1/720p.m3u8?zzhed?
缙云综合,http://l.cztvcloud.com/channels/lantian/SXjinyun1/720p.m3u8?zzhed
缙云新闻综合,http://l.cztvcloud.com/channels/lantian/SXjinyun1/720p.m3u8
绍兴电视台公共,http://live.shaoxing.com.cn/video/s10001-sxtv2/index.m3u8?%E5%85%B3%E6%B3%A8%E5%BE%AE%E4%BF%A1%E5%85%AC%E4%BC%97%E5%8F%B7[%E6%99%B4%E5%9B%AD]
绍兴新闻综合,https://stream1.freetv.fun/shao-xing-xin-wen-zong-he-4.m3u8
绍兴新闻综合,https://stream1.freetv.fun/shao-xing-xin-wen-zong-he-3.m3u8
绍兴新闻综合,https://stream1.freetv.fun/shao-xing-xin-wen-zong-he-2.m3u8
绍兴新闻综合,https://t.freetv.fun/live/shao-xing-xin-wen-zong-he-2.m3u8
绍兴新闻综合,https://t.freetv.fun/live/shao-xing-xin-wen-zong-he-3-1.m3u8
绍兴文化影院,https://stream1.freetv.fun/shao-xing-wen-hua-ying-yuan-1.m3u8
